// Jest Snapshot v1, https://goo.gl/fbAQLP

exports[`renders correctly 1`] = `
<View
  style={
    Object {
      "alignItems": "center",
      "backgroundColor": "#4628",
      "flex": 1,
      "justifyContent": "center",
    }
  }
>
  <Text>
    Hello World
  </Text>
  <Text>
    My name is Guest
  </Text>
</View>
`;
