// Jest Snapshot v1, https://goo.gl/fbAQLP

exports[`renders correctly 1`] = `
<RNCSafeAreaProvider
  onInsetsChange={[Function]}
  style={
    Array [
      Object {
        "flex": 1,
      },
      undefined,
    ]
  }
>
  <RNSScreenStack
    style={
      Object {
        "flex": 1,
      }
    }
  >
    <RNSScreen
      collapsable={false}
      forwardedRef={[Function]}
      gestureResponseDistance={
        Object {
          "bottom": -1,
          "end": -1,
          "start": -1,
          "top": -1,
        }
      }
      nativeBackButtonDismissalEnabled={false}
      onAppear={[Function]}
      onDisappear={[Function]}
      onDismissed={[Function]}
      onHeaderBackButtonClicked={[Function]}
      onNativeDismissCancelled={[Function]}
      onTransitionProgress={[Function]}
      onWillDisappear={[Function]}
      replaceAnimation="push"
      stackPresentation="push"
      style={
        Object {
          "bottom": 0,
          "left": 0,
          "position": "absolute",
          "right": 0,
          "top": 0,
        }
      }
      swipeDirection="horizontal"
    >
      <RNSScreenStackHeaderConfig
        backButtonInCustomView={false}
        backgroundColor="rgb(255, 255, 255)"
        color="rgb(0, 122, 255)"
        direction="ltr"
        disableBackButtonMenu={false}
        hidden={false}
        hideBackButton={false}
        largeTitleHideShadow={false}
        title="Home"
        titleColor="rgb(28, 28, 30)"
        topInsetEnabled={false}
        translucent={false}
      />
      <View
        accessibilityElementsHidden={false}
        importantForAccessibility="auto"
        style={
          Object {
            "flex": 1,
            "flexDirection": "column-reverse",
          }
        }
      >
        <View
          style={
            Array [
              Object {
                "flex": 1,
              },
              Object {
                "backgroundColor": "rgb(242, 242, 242)",
              },
              undefined,
            ]
          }
        >
          <View
            style={
              Object {
                "alignItems": "center",
                "backgroundColor": "#D2FFB7",
                "flex": 1,
                "justifyContent": "center",
              }
            }
          >
            <Image
              source={1}
              style={
                Object {
                  "height": 200,
                  "marginBottom": 40,
                  "marginLeft": 40,
                  "width": 200,
                }
              }
            />
            <View
              accessible={true}
              collapsable={false}
              focusable={true}
              onBlur={[Function]}
              onClick={[Function]}
              onFocus={[Function]}
              onResponderGrant={[Function]}
              onResponderMove={[Function]}
              onResponderRelease={[Function]}
              onResponderTerminate={[Function]}
              onResponderTerminationRequest={[Function]}
              onStartShouldSetResponder={[Function]}
              style={
                Object {
                  "backgroundColor": "#7DC265",
                  "borderRadius": 6,
                  "height": 64,
                  "marginBottom": 25,
                  "marginTop": 40,
                  "padding": 10,
                  "width": 294,
                }
              }
            >
              <Text
                style={
                  Object {
                    "fontSize": 35,
                    "textAlign": "center",
                    "textAlignVertical": "center",
                  }
                }
              >
                Login
              </Text>
            </View>
            <View
              accessible={true}
              collapsable={false}
              focusable={true}
              onBlur={[Function]}
              onClick={[Function]}
              onFocus={[Function]}
              onResponderGrant={[Function]}
              onResponderMove={[Function]}
              onResponderRelease={[Function]}
              onResponderTerminate={[Function]}
              onResponderTerminationRequest={[Function]}
              onStartShouldSetResponder={[Function]}
              style={
                Object {
                  "backgroundColor": "#82A16E",
                  "borderRadius": 6,
                  "height": 64,
                  "marginBottom": 25,
                  "marginTop": 25,
                  "padding": 10,
                  "width": 294,
                }
              }
            >
              <Text
                style={
                  Object {
                    "fontSize": 35,
                    "textAlign": "center",
                    "textAlignVertical": "center",
                  }
                }
              >
                Registration
              </Text>
            </View>
          </View>
        </View>
      </View>
    </RNSScreen>
  </RNSScreenStack>
</RNCSafeAreaProvider>
`;
